Archive member included to satisfy reference by file (symbol)

e:/programs/mplab xc8/avr/bin/../lib/gcc/avr/5.4.0/avr5/memx-const\libgcc.a(_udivmodsi4.o)
                              MCAL/USART/USART_Program.o (__udivmodsi4)
e:/programs/mplab xc8/avr/bin/../lib/gcc/avr/5.4.0/../../../../avr/lib/avr5/memx-const\libc.a(exit.o)
                              E:/Programs/Microchip Studio/7.0/Packs/atmel/ATmega_DFP/1.7.374/xc8/avr/lib/avr5/memx-const/crtatmega32.o (exit)
e:/programs/mplab xc8/avr/bin/../lib/gcc/avr/5.4.0/../../../../avr/lib/avr5/memx-const\libc.a(_Exit.o)
                              e:/programs/mplab xc8/avr/bin/../lib/gcc/avr/5.4.0/../../../../avr/lib/avr5/memx-const\libc.a(exit.o) (_Exit)
e:/programs/mplab xc8/avr/bin/../lib/gcc/avr/5.4.0/avr5/memx-const\libgcc.a(_exit.o)
                              e:/programs/mplab xc8/avr/bin/../lib/gcc/avr/5.4.0/../../../../avr/lib/avr5/memx-const\libc.a(_Exit.o) (_exit)

Discarded input sections

 .data          0x0000000000000000        0x0 E:/Programs/Microchip Studio/7.0/Packs/atmel/ATmega_DFP/1.7.374/xc8/avr/lib/avr5/memx-const/crtatmega32.o
 .bss           0x0000000000000000        0x0 E:/Programs/Microchip Studio/7.0/Packs/atmel/ATmega_DFP/1.7.374/xc8/avr/lib/avr5/memx-const/crtatmega32.o
 .text          0x0000000000000000        0x0 APP/TEST_UART/TEST_UART_Program.o
 .data          0x0000000000000000        0x0 APP/TEST_UART/TEST_UART_Program.o
 .bss           0x0000000000000000        0x0 APP/TEST_UART/TEST_UART_Program.o
 .text          0x0000000000000000        0x0 main.o
 .data          0x0000000000000000        0x0 main.o
 .bss           0x0000000000000000        0x0 main.o
 .text          0x0000000000000000        0x0 MCAL/DIO/DIO_Program.o
 .data          0x0000000000000000        0x0 MCAL/DIO/DIO_Program.o
 .bss           0x0000000000000000        0x0 MCAL/DIO/DIO_Program.o
 .text.DIO_SetPortDir
                0x0000000000000000       0x20 MCAL/DIO/DIO_Program.o
 .text.DIO_SetPinDir
                0x0000000000000000       0xe2 MCAL/DIO/DIO_Program.o
 .text.DIO_SetPortVal
                0x0000000000000000       0x20 MCAL/DIO/DIO_Program.o
 .text.DIO_SetPinVal
                0x0000000000000000       0xe2 MCAL/DIO/DIO_Program.o
 .text.DIO_ReadPort
                0x0000000000000000       0x30 MCAL/DIO/DIO_Program.o
 .text.DIO_ReadPin
                0x0000000000000000       0x68 MCAL/DIO/DIO_Program.o
 .text.DIO_TogglePin
                0x0000000000000000       0x68 MCAL/DIO/DIO_Program.o
 .debug_info    0x0000000000000000      0x44e MCAL/DIO/DIO_Program.o
 .debug_abbrev  0x0000000000000000       0x96 MCAL/DIO/DIO_Program.o
 .debug_loc     0x0000000000000000      0x2e4 MCAL/DIO/DIO_Program.o
 .debug_aranges
                0x0000000000000000       0x50 MCAL/DIO/DIO_Program.o
 .debug_ranges  0x0000000000000000       0x40 MCAL/DIO/DIO_Program.o
 .debug_line    0x0000000000000000      0x28d MCAL/DIO/DIO_Program.o
 .debug_str     0x0000000000000000        0x5 MCAL/DIO/DIO_Program.o
 .comment       0x0000000000000000       0x30 MCAL/DIO/DIO_Program.o
 .debug_frame   0x0000000000000000       0x84 MCAL/DIO/DIO_Program.o
 .text          0x0000000000000000        0x0 MCAL/INTERRUPTS/GIE/GIE_Program.o
 .data          0x0000000000000000        0x0 MCAL/INTERRUPTS/GIE/GIE_Program.o
 .bss           0x0000000000000000        0x0 MCAL/INTERRUPTS/GIE/GIE_Program.o
 .text.GIE_Enable
                0x0000000000000000        0x8 MCAL/INTERRUPTS/GIE/GIE_Program.o
 .text.GIE_Disable
                0x0000000000000000        0x8 MCAL/INTERRUPTS/GIE/GIE_Program.o
 .debug_info    0x0000000000000000      0x29f MCAL/INTERRUPTS/GIE/GIE_Program.o
 .debug_abbrev  0x0000000000000000       0x46 MCAL/INTERRUPTS/GIE/GIE_Program.o
 .debug_aranges
                0x0000000000000000       0x28 MCAL/INTERRUPTS/GIE/GIE_Program.o
 .debug_ranges  0x0000000000000000       0x18 MCAL/INTERRUPTS/GIE/GIE_Program.o
 .debug_line    0x0000000000000000       0x89 MCAL/INTERRUPTS/GIE/GIE_Program.o
 .debug_str     0x0000000000000000        0x0 MCAL/INTERRUPTS/GIE/GIE_Program.o
 .comment       0x0000000000000000       0x30 MCAL/INTERRUPTS/GIE/GIE_Program.o
 .debug_frame   0x0000000000000000       0x34 MCAL/INTERRUPTS/GIE/GIE_Program.o
 .text          0x0000000000000000        0x0 MCAL/USART/USART_Program.o
 .data          0x0000000000000000        0x0 MCAL/USART/USART_Program.o
 .bss           0x0000000000000000        0x0 MCAL/USART/USART_Program.o
 .text._vector_13
                0x0000000000000000       0x14 MCAL/USART/USART_Program.o
 .text          0x0000000000000000        0x0 e:/programs/mplab xc8/avr/bin/../lib/gcc/avr/5.4.0/avr5/memx-const\libgcc.a(_udivmodsi4.o)
 .data          0x0000000000000000        0x0 e:/programs/mplab xc8/avr/bin/../lib/gcc/avr/5.4.0/avr5/memx-const\libgcc.a(_udivmodsi4.o)
 .bss           0x0000000000000000        0x0 e:/programs/mplab xc8/avr/bin/../lib/gcc/avr/5.4.0/avr5/memx-const\libgcc.a(_udivmodsi4.o)
 .text.libgcc.mul
                0x0000000000000000        0x0 e:/programs/mplab xc8/avr/bin/../lib/gcc/avr/5.4.0/avr5/memx-const\libgcc.a(_udivmodsi4.o)
 .stack.descriptors
                0x0000000000000000       0x1a e:/programs/mplab xc8/avr/bin/../lib/gcc/avr/5.4.0/avr5/memx-const\libgcc.a(_udivmodsi4.o)
 .text.libgcc   0x0000000000000000        0x0 e:/programs/mplab xc8/avr/bin/../lib/gcc/avr/5.4.0/avr5/memx-const\libgcc.a(_udivmodsi4.o)
 .text.libgcc.prologue
                0x0000000000000000        0x0 e:/programs/mplab xc8/avr/bin/../lib/gcc/avr/5.4.0/avr5/memx-const\libgcc.a(_udivmodsi4.o)
 .text.libgcc.builtins
                0x0000000000000000        0x0 e:/programs/mplab xc8/avr/bin/../lib/gcc/avr/5.4.0/avr5/memx-const\libgcc.a(_udivmodsi4.o)
 .text.libgcc.fmul
                0x0000000000000000        0x0 e:/programs/mplab xc8/avr/bin/../lib/gcc/avr/5.4.0/avr5/memx-const\libgcc.a(_udivmodsi4.o)
 .text.libgcc.fixed
                0x0000000000000000        0x0 e:/programs/mplab xc8/avr/bin/../lib/gcc/avr/5.4.0/avr5/memx-const\libgcc.a(_udivmodsi4.o)
 .text          0x0000000000000000        0x0 e:/programs/mplab xc8/avr/bin/../lib/gcc/avr/5.4.0/../../../../avr/lib/avr5/memx-const\libc.a(exit.o)
 .data          0x0000000000000000        0x0 e:/programs/mplab xc8/avr/bin/../lib/gcc/avr/5.4.0/../../../../avr/lib/avr5/memx-const\libc.a(exit.o)
 .bss           0x0000000000000000        0x0 e:/programs/mplab xc8/avr/bin/../lib/gcc/avr/5.4.0/../../../../avr/lib/avr5/memx-const\libc.a(exit.o)
 .text          0x0000000000000000        0x0 e:/programs/mplab xc8/avr/bin/../lib/gcc/avr/5.4.0/../../../../avr/lib/avr5/memx-const\libc.a(_Exit.o)
 .data          0x0000000000000000        0x0 e:/programs/mplab xc8/avr/bin/../lib/gcc/avr/5.4.0/../../../../avr/lib/avr5/memx-const\libc.a(_Exit.o)
 .bss           0x0000000000000000        0x0 e:/programs/mplab xc8/avr/bin/../lib/gcc/avr/5.4.0/../../../../avr/lib/avr5/memx-const\libc.a(_Exit.o)
 .text          0x0000000000000000        0x0 e:/programs/mplab xc8/avr/bin/../lib/gcc/avr/5.4.0/avr5/memx-const\libgcc.a(_exit.o)
 .data          0x0000000000000000        0x0 e:/programs/mplab xc8/avr/bin/../lib/gcc/avr/5.4.0/avr5/memx-const\libgcc.a(_exit.o)
 .bss           0x0000000000000000        0x0 e:/programs/mplab xc8/avr/bin/../lib/gcc/avr/5.4.0/avr5/memx-const\libgcc.a(_exit.o)
 .text.libgcc.mul
                0x0000000000000000        0x0 e:/programs/mplab xc8/avr/bin/../lib/gcc/avr/5.4.0/avr5/memx-const\libgcc.a(_exit.o)
 .text.libgcc.div
                0x0000000000000000        0x0 e:/programs/mplab xc8/avr/bin/../lib/gcc/avr/5.4.0/avr5/memx-const\libgcc.a(_exit.o)
 .text.libgcc   0x0000000000000000        0x0 e:/programs/mplab xc8/avr/bin/../lib/gcc/avr/5.4.0/avr5/memx-const\libgcc.a(_exit.o)
 .text.libgcc.prologue
                0x0000000000000000        0x0 e:/programs/mplab xc8/avr/bin/../lib/gcc/avr/5.4.0/avr5/memx-const\libgcc.a(_exit.o)
 .stack.descriptors
                0x0000000000000000       0x13 e:/programs/mplab xc8/avr/bin/../lib/gcc/avr/5.4.0/avr5/memx-const\libgcc.a(_exit.o)
 .text.libgcc.builtins
                0x0000000000000000        0x0 e:/programs/mplab xc8/avr/bin/../lib/gcc/avr/5.4.0/avr5/memx-const\libgcc.a(_exit.o)
 .text.libgcc.fmul
                0x0000000000000000        0x0 e:/programs/mplab xc8/avr/bin/../lib/gcc/avr/5.4.0/avr5/memx-const\libgcc.a(_exit.o)
 .text.libgcc.fixed
                0x0000000000000000        0x0 e:/programs/mplab xc8/avr/bin/../lib/gcc/avr/5.4.0/avr5/memx-const\libgcc.a(_exit.o)

Memory Configuration

Name             Origin             Length             Attributes
text             0x0000000000000000 0x0000000000008000 xr
data             0x0000000000800060 0x0000000000000800 rw !x
eeprom           0x0000000000810000 0x0000000000000400 rw !x
fuse             0x0000000000820000 0x0000000000000002 rw !x
lock             0x0000000000830000 0x0000000000000400 rw !x
signature        0x0000000000840000 0x0000000000000400 rw !x
user_signatures  0x0000000000850000 0x0000000000000400 rw !x
*default*        0x0000000000000000 0xffffffffffffffff

Linker script and memory map

LOAD E:/Programs/Microchip Studio/7.0/Packs/atmel/ATmega_DFP/1.7.374/xc8/avr/lib/avr5/memx-const/crtatmega32.o
LOAD APP/TEST_UART/TEST_UART_Program.o
LOAD main.o
LOAD MCAL/DIO/DIO_Program.o
LOAD MCAL/INTERRUPTS/GIE/GIE_Program.o
LOAD MCAL/USART/USART_Program.o
START GROUP
LOAD e:/programs/mplab xc8/avr/bin/../lib/gcc/avr/5.4.0/../../../../avr/lib/avr5/memx-const\libm.a
END GROUP
START GROUP
LOAD e:/programs/mplab xc8/avr/bin/../lib/gcc/avr/5.4.0/avr5/memx-const\libgcc.a
LOAD e:/programs/mplab xc8/avr/bin/../lib/gcc/avr/5.4.0/../../../../avr/lib/avr5/memx-const\libm.a
LOAD e:/programs/mplab xc8/avr/bin/../lib/gcc/avr/5.4.0/../../../../avr/lib/avr5/memx-const\libc.a
LOAD E:/Programs/Microchip Studio/7.0/Packs/atmel/ATmega_DFP/1.7.374/xc8/avr/lib/avr5/memx-const\libatmega32.a
END GROUP
                0x0000000000000000                __TEXT_REGION_ORIGIN__ = DEFINED (__TEXT_REGION_ORIGIN__)?__TEXT_REGION_ORIGIN__:0x0
                [0x0000000000800060]                __DATA_REGION_ORIGIN__ = DEFINED (__DATA_REGION_ORIGIN__)?__DATA_REGION_ORIGIN__:0x800060
                [0x0000000000008000]                __TEXT_REGION_LENGTH__ = DEFINED (__TEXT_REGION_LENGTH__)?__TEXT_REGION_LENGTH__:0x20000
                [0x0000000000000800]                __DATA_REGION_LENGTH__ = DEFINED (__DATA_REGION_LENGTH__)?__DATA_REGION_LENGTH__:0xffa0
                [0x0000000000000400]                __EEPROM_REGION_LENGTH__ = DEFINED (__EEPROM_REGION_LENGTH__)?__EEPROM_REGION_LENGTH__:0x10000
                [0x0000000000000002]                __FUSE_REGION_LENGTH__ = DEFINED (__FUSE_REGION_LENGTH__)?__FUSE_REGION_LENGTH__:0x400
                0x0000000000000400                __LOCK_REGION_LENGTH__ = DEFINED (__LOCK_REGION_LENGTH__)?__LOCK_REGION_LENGTH__:0x400
                0x0000000000000400                __SIGNATURE_REGION_LENGTH__ = DEFINED (__SIGNATURE_REGION_LENGTH__)?__SIGNATURE_REGION_LENGTH__:0x400
                0x0000000000000400                __USER_SIGNATURE_REGION_LENGTH__ = DEFINED (__USER_SIGNATURE_REGION_LENGTH__)?__USER_SIGNATURE_REGION_LENGTH__:0x400

.hash
 *(.hash)

.dynsym
 *(.dynsym)

.dynstr
 *(.dynstr)

.gnu.version
 *(.gnu.version)

.gnu.version_d
 *(.gnu.version_d)

.gnu.version_r
 *(.gnu.version_r)

.rel.init
 *(.rel.init)

.rela.init
 *(.rela.init)

.rel.text
 *(.rel.text)
 *(.rel.text.*)
 *(.rel.gnu.linkonce.t*)

.rela.text
 *(.rela.text)
 *(.rela.text.*)
 *(.rela.gnu.linkonce.t*)

.rel.fini
 *(.rel.fini)

.rela.fini
 *(.rela.fini)

.rel.rodata
 *(.rel.rodata)
 *(.rel.rodata.*)
 *(.rel.gnu.linkonce.r*)

.rela.rodata
 *(.rela.rodata)
 *(.rela.rodata.*)
 *(.rela.gnu.linkonce.r*)

.rel.data
 *(.rel.data)
 *(.rel.data.*)
 *(.rel.gnu.linkonce.d*)

.rela.data
 *(.rela.data)
 *(.rela.data.*)
 *(.rela.gnu.linkonce.d*)

.rel.ctors
 *(.rel.ctors)

.rela.ctors
 *(.rela.ctors)

.rel.dtors
 *(.rel.dtors)

.rela.dtors
 *(.rela.dtors)

.rel.got
 *(.rel.got)

.rela.got
 *(.rela.got)

.rel.bss
 *(.rel.bss)

.rela.bss
 *(.rela.bss)

.rel.plt
 *(.rel.plt)

.rela.plt
 *(.rela.plt)

.text           0x0000000000000000       0x6c
 *(.vectors)
 .vectors       0x0000000000000000       0x54 E:/Programs/Microchip Studio/7.0/Packs/atmel/ATmega_DFP/1.7.374/xc8/avr/lib/avr5/memx-const/crtatmega32.o
                0x0000000000000000                __vector_default
                0x0000000000000000                __vectors
 *(.vectors)
 *(.progmem.gcc*)
 *(.dinit)
 .dinit         0x0000000000000054        0x0 data_init
                0x0000000000000054                . = ALIGN (0x2)
                0x0000000000000054                __trampolines_start = .
 *(.trampolines)
 .trampolines   0x0000000000000054        0x0 linker stubs
 *(.trampolines*)
                0x0000000000000054                __trampolines_end = .
 *libprintf_flt.a:*(.progmem.data)
 *libc.a:*(.progmem.data)
                0x0000000000000054                . = ALIGN (0x2)
 *(.jumptables)
 *(.jumptables*)
 *(.lowtext)
 *(.lowtext*)
                0x0000000000000054                __ctors_start = .
 *(.ctors)
                0x0000000000000054                __ctors_end = .
                0x0000000000000054                __dtors_start = .
 *(.dtors)
                0x0000000000000054                __dtors_end = .
 SORT(*)(.ctors)
 SORT(*)(.dtors)
 *(.init0)
 .init0         0x0000000000000054        0x0 E:/Programs/Microchip Studio/7.0/Packs/atmel/ATmega_DFP/1.7.374/xc8/avr/lib/avr5/memx-const/crtatmega32.o
                0x0000000000000054                __init
 *(.init0)
 *(.init1)
 *(.init1)
 *(.init2)
 .init2         0x0000000000000054        0xc E:/Programs/Microchip Studio/7.0/Packs/atmel/ATmega_DFP/1.7.374/xc8/avr/lib/avr5/memx-const/crtatmega32.o
 *(.init2)
 *(.init3)
 *(.init3)
 *(.init4)
 *(.init4)
 *(.init5)
 *(.init5)
 *(.init6)
 *(.init6)
 *(.init7)
 *(.init7)
 *(.init8)
 *(.init8)
 *(.init9)
 .init9         0x0000000000000060        0x8 E:/Programs/Microchip Studio/7.0/Packs/atmel/ATmega_DFP/1.7.374/xc8/avr/lib/avr5/memx-const/crtatmega32.o
 *(.init9)
                0x0000000000000068                . = ALIGN (0x2)
 *(.fini9)
 .fini9         0x0000000000000068        0x0 e:/programs/mplab xc8/avr/bin/../lib/gcc/avr/5.4.0/avr5/memx-const\libgcc.a(_exit.o)
                0x0000000000000068                _exit
 *(.fini9)
 *(.fini8)
 *(.fini8)
 *(.fini7)
 *(.fini7)
 *(.fini6)
 *(.fini6)
 *(.fini5)
 *(.fini5)
 *(.fini4)
 *(.fini4)
 *(.fini3)
 *(.fini3)
 *(.fini2)
 *(.fini2)
 *(.fini1)
 *(.fini1)
 *(.fini0)
 .fini0         0x0000000000000068        0x4 e:/programs/mplab xc8/avr/bin/../lib/gcc/avr/5.4.0/avr5/memx-const\libgcc.a(_exit.o)
 *(.fini0)
                0x000000000000006c                _etext = .

.data           0x0000000000800060        0x0 load address 0x000000000000006c
                [!provide]                        PROVIDE (__data_start, .)
 *(.gnu.linkonce.d*)
 *(.gnu.linkonce.r*)
                0x0000000000800060                . = ALIGN (0x2)
                0x0000000000800060                _edata = .
                [!provide]                        PROVIDE (__data_end, .)

.bss            0x0000000000800060        0x0
                [!provide]                        PROVIDE (__bss_start, .)
 *(COMMON)
                [!provide]                        PROVIDE (__bss_end, .)
                0x000000000000006c                __data_load_start = LOADADDR (.data)
                0x000000000000006c                __data_load_end = (__data_load_start + SIZEOF (.data))

.noinit         0x0000000000800060        0x0
                [!provide]                        PROVIDE (__noinit_start, .)
 *(.noinit*)
                [!provide]                        PROVIDE (__noinit_end, .)
                0x0000000000800060                _end = .

.eeprom         0x0000000000810000        0x0
 *(.eeprom*)
                0x0000000000810000                __eeprom_end = .

.fuse
 *(.fuse)
 *(.lfuse)
 *(.hfuse)
 *(.efuse)

.lock
 *(.lock*)

.signature
 *(.signature*)

.user_signatures
 *(.user_signatures*)

.stab
 *(.stab)

.stabstr
 *(.stabstr)

.stab.excl
 *(.stab.excl)

.stab.exclstr
 *(.stab.exclstr)

.stab.index
 *(.stab.index)

.stab.indexstr
 *(.stab.indexstr)

.comment        0x0000000000000000       0x2f
 *(.comment)
 .comment       0x0000000000000000       0x2f APP/TEST_UART/TEST_UART_Program.o
                                         0x30 (size before relaxing)
 .comment       0x000000000000002f       0x30 main.o
 .comment       0x000000000000002f       0x30 MCAL/USART/USART_Program.o
 .comment       0x000000000000002f       0x30 e:/programs/mplab xc8/avr/bin/../lib/gcc/avr/5.4.0/../../../../avr/lib/avr5/memx-const\libc.a(exit.o)
 .comment       0x000000000000002f       0x30 e:/programs/mplab xc8/avr/bin/../lib/gcc/avr/5.4.0/../../../../avr/lib/avr5/memx-const\libc.a(_Exit.o)

.stack.descriptors.hdr
                0x0000000000000000       0x1c
 .stack.descriptors.hdr
                0x0000000000000000        0xe e:/programs/mplab xc8/avr/bin/../lib/gcc/avr/5.4.0/avr5/memx-const\libgcc.a(_udivmodsi4.o)
 .stack.descriptors.hdr
                0x000000000000000e        0xe e:/programs/mplab xc8/avr/bin/../lib/gcc/avr/5.4.0/avr5/memx-const\libgcc.a(_exit.o)

.note.GNU-stack
                0x0000000000000000        0x0
 .note.GNU-stack
                0x0000000000000000        0x0 e:/programs/mplab xc8/avr/bin/../lib/gcc/avr/5.4.0/../../../../avr/lib/avr5/memx-const\libc.a(exit.o)
 .note.GNU-stack
                0x0000000000000000        0x0 e:/programs/mplab xc8/avr/bin/../lib/gcc/avr/5.4.0/../../../../avr/lib/avr5/memx-const\libc.a(_Exit.o)

.note.gnu.build-id
 *(.note.gnu.build-id)

.debug
 *(.debug)

.line
 *(.line)

.debug_srcinfo
 *(.debug_srcinfo)

.debug_sfnames
 *(.debug_sfnames)

.debug_aranges  0x0000000000000000       0x88
 *(.debug_aranges)
 .debug_aranges
                0x0000000000000000       0x28 APP/TEST_UART/TEST_UART_Program.o
 .debug_aranges
                0x0000000000000028       0x20 main.o
 .debug_aranges
                0x0000000000000048       0x40 MCAL/USART/USART_Program.o

.debug_pubnames
 *(.debug_pubnames)

.debug_info     0x0000000000000000      0xed4
 *(.debug_info .gnu.linkonce.wi.*)
 .debug_info    0x0000000000000000      0x4e6 E:/Programs/Microchip Studio/7.0/Packs/atmel/ATmega_DFP/1.7.374/xc8/avr/lib/avr5/memx-const/crtatmega32.o
 .debug_info    0x00000000000004e6      0x37d APP/TEST_UART/TEST_UART_Program.o
 .debug_info    0x0000000000000863      0x292 main.o
 .debug_info    0x0000000000000af5      0x3df MCAL/USART/USART_Program.o

.debug_abbrev   0x0000000000000000      0x6a7
 *(.debug_abbrev)
 .debug_abbrev  0x0000000000000000      0x4a3 E:/Programs/Microchip Studio/7.0/Packs/atmel/ATmega_DFP/1.7.374/xc8/avr/lib/avr5/memx-const/crtatmega32.o
 .debug_abbrev  0x00000000000004a3       0x98 APP/TEST_UART/TEST_UART_Program.o
 .debug_abbrev  0x000000000000053b       0x6f main.o
 .debug_abbrev  0x00000000000005aa       0xfd MCAL/USART/USART_Program.o

.debug_line     0x0000000000000000      0x371
 *(.debug_line .debug_line.* .debug_line_end)
 .debug_line    0x0000000000000000      0x119 E:/Programs/Microchip Studio/7.0/Packs/atmel/ATmega_DFP/1.7.374/xc8/avr/lib/avr5/memx-const/crtatmega32.o
 .debug_line    0x0000000000000119       0xd4 APP/TEST_UART/TEST_UART_Program.o
 .debug_line    0x00000000000001ed       0x6f main.o
 .debug_line    0x000000000000025c      0x115 MCAL/USART/USART_Program.o

.debug_frame    0x0000000000000000       0xc8
 *(.debug_frame)
 .debug_frame   0x0000000000000000       0x34 APP/TEST_UART/TEST_UART_Program.o
 .debug_frame   0x0000000000000034       0x24 main.o
 .debug_frame   0x0000000000000058       0x70 MCAL/USART/USART_Program.o

.debug_str      0x0000000000000000      0x1e9
 *(.debug_str)
 .debug_str     0x0000000000000000      0x196 E:/Programs/Microchip Studio/7.0/Packs/atmel/ATmega_DFP/1.7.374/xc8/avr/lib/avr5/memx-const/crtatmega32.o
 .debug_str     0x0000000000000196       0x49 APP/TEST_UART/TEST_UART_Program.o
 .debug_str     0x00000000000001df        0xa main.o
 .debug_str     0x00000000000001e9        0x0 MCAL/USART/USART_Program.o

.debug_loc      0x0000000000000000       0xd5
 *(.debug_loc)
 .debug_loc     0x0000000000000000       0x1f APP/TEST_UART/TEST_UART_Program.o
 .debug_loc     0x000000000000001f       0xb6 MCAL/USART/USART_Program.o

.debug_macinfo
 *(.debug_macinfo)

.debug_weaknames
 *(.debug_weaknames)

.debug_funcnames
 *(.debug_funcnames)

.debug_typenames
 *(.debug_typenames)

.debug_varnames
 *(.debug_varnames)

.debug_pubtypes
 *(.debug_pubtypes)

.debug_ranges   0x0000000000000000       0x58
 *(.debug_ranges)
 .debug_ranges  0x0000000000000000       0x18 APP/TEST_UART/TEST_UART_Program.o
 .debug_ranges  0x0000000000000018       0x10 main.o
 .debug_ranges  0x0000000000000028       0x30 MCAL/USART/USART_Program.o

.debug_macro
 *(.debug_macro)
OUTPUT(USART_Projects.elf elf32-avr)
LOAD linker stubs
LOAD data_init

.note.gnu.avr.deviceinfo
                0x0000000000000000       0x3c
 .note.gnu.avr.deviceinfo
                0x0000000000000000       0x3c E:/Programs/Microchip Studio/7.0/Packs/atmel/ATmega_DFP/1.7.374/xc8/avr/lib/avr5/memx-const/crtatmega32.o

.text.USART_Set_Baudrate
                0x000000000000006c       0x4c
 .text.USART_Set_Baudrate
                0x000000000000006c       0x4c MCAL/USART/USART_Program.o
                0x000000000000006c                USART_Set_Baudrate

.text.libgcc.div
                0x00000000000000b8       0x44
 .text.libgcc.div
                0x00000000000000b8       0x44 e:/programs/mplab xc8/avr/bin/../lib/gcc/avr/5.4.0/avr5/memx-const\libgcc.a(_udivmodsi4.o)
                0x00000000000000b8                __udivmodsi4

.text.Test_UART
                0x00000000000000fc       0x28
 .text.Test_UART
                0x00000000000000fc       0x28 APP/TEST_UART/TEST_UART_Program.o
                0x00000000000000fc                Test_UART

.text.USART_SendCharacter
                0x0000000000000124       0x26
 .text.USART_SendCharacter
                0x0000000000000124       0x26 MCAL/USART/USART_Program.o
                0x0000000000000124                USART_SendCharacter

.text.exit      0x000000000000014a       0x16
 .text.exit     0x000000000000014a       0x16 e:/programs/mplab xc8/avr/bin/../lib/gcc/avr/5.4.0/../../../../avr/lib/avr5/memx-const\libc.a(exit.o)
                0x000000000000014a                exit

.text.Init      0x0000000000000160       0x12
 .text.Init     0x0000000000000160       0x12 APP/TEST_UART/TEST_UART_Program.o
                0x0000000000000160                Init

.text.USART_Init
                0x0000000000000172        0xc
 .text.USART_Init
                0x0000000000000172        0xc MCAL/USART/USART_Program.o
                0x0000000000000172                USART_Init

.text.main      0x000000000000017e        0xa
 .text.main     0x000000000000017e        0xa main.o
                0x000000000000017e                main

.text.USART_RecieveCharacter
                0x0000000000000188        0xa
 .text.USART_RecieveCharacter
                0x0000000000000188        0xa MCAL/USART/USART_Program.o
                0x0000000000000188                USART_RecieveCharacter

.text           0x0000000000000192        0x4
 .text          0x0000000000000192        0x4 E:/Programs/Microchip Studio/7.0/Packs/atmel/ATmega_DFP/1.7.374/xc8/avr/lib/avr5/memx-const/crtatmega32.o
                0x0000000000000192                __vector_1
                0x0000000000000192                __vector_12
                0x0000000000000192                __bad_interrupt
                0x0000000000000192                __vector_6
                0x0000000000000192                __vector_3
                0x0000000000000192                __vector_11
                0x0000000000000192                __vector_13
                0x0000000000000192                __vector_17
                0x0000000000000192                __vector_19
                0x0000000000000192                __vector_7
                0x0000000000000192                __vector_5
                0x0000000000000192                __vector_4
                0x0000000000000192                __vector_9
                0x0000000000000192                __vector_2
                0x0000000000000192                __vector_15
                0x0000000000000192                __vector_8
                0x0000000000000192                __vector_14
                0x0000000000000192                __vector_10
                0x0000000000000192                __vector_16
                0x0000000000000192                __vector_18
                0x0000000000000192                __vector_20

.text._Exit     0x0000000000000196        0x4
 .text._Exit    0x0000000000000196        0x4 e:/programs/mplab xc8/avr/bin/../lib/gcc/avr/5.4.0/../../../../avr/lib/avr5/memx-const\libc.a(_Exit.o)
                0x0000000000000196                _Exit

.text.__dummy_fini
                0x000000000000019a        0x2
 .text.__dummy_fini
                0x000000000000019a        0x2 e:/programs/mplab xc8/avr/bin/../lib/gcc/avr/5.4.0/../../../../avr/lib/avr5/memx-const\libc.a(exit.o)
                0x000000000000019a                _fini

.text.__dummy_funcs_on_exit
                0x000000000000019c        0x2
 .text.__dummy_funcs_on_exit
                0x000000000000019c        0x2 e:/programs/mplab xc8/avr/bin/../lib/gcc/avr/5.4.0/../../../../avr/lib/avr5/memx-const\libc.a(exit.o)
                0x000000000000019c                __funcs_on_exit

.text.__dummy_simulator_exit
                0x000000000000019e        0x2
 .text.__dummy_simulator_exit
                0x000000000000019e        0x2 e:/programs/mplab xc8/avr/bin/../lib/gcc/avr/5.4.0/../../../../avr/lib/avr5/memx-const\libc.a(exit.o)
                0x000000000000019e                __simulator_exit
